┌ Info: M1c comparison
└ @ Main D:\MIT Dropbox\Shen Wang\MIT\RA\RA_assessment\RAChronoOps\scripts\21_run_m1c_comparison.jl:100
┌ Info: n=20 | seed=42 | skip_m3=false
└ @ Main D:\MIT Dropbox\Shen Wang\MIT\RA\RA_assessment\RAChronoOps\scripts\21_run_m1c_comparison.jl:101
┌ Info: Cases: VRE120_base, VRE120_bal15, VRE120_wind_hvy
└ @ Main D:\MIT Dropbox\Shen Wang\MIT\RA\RA_assessment\RAChronoOps\scripts\21_run_m1c_comparison.jl:102
┌ Info: M2 config: rm=1000.0 buf=48
└ @ Main D:\MIT Dropbox\Shen Wang\MIT\RA\RA_assessment\RAChronoOps\scripts\21_run_m1c_comparison.jl:103
┌ Info: Output: D:\MIT Dropbox\Shen Wang\MIT\RA\RA_assessment\RAChronoOps\scripts\..\results\m1c_comparison\base-bal15-wind_hvy_n20
└ @ Main D:\MIT Dropbox\Shen Wang\MIT\RA\RA_assessment\RAChronoOps\scripts\21_run_m1c_comparison.jl:104
┌ Info: ── Case: VRE120_base ──────────────────────────────────────────────
└ @ Main D:\MIT Dropbox\Shen Wang\MIT\RA\RA_assessment\RAChronoOps\scripts\21_run_m1c_comparison.jl:184
┌ Info:   running M1...
└ @ Main D:\MIT Dropbox\Shen Wang\MIT\RA\RA_assessment\RAChronoOps\scripts\21_run_m1c_comparison.jl:192
┌ Info:   M1:  LOLH=95.4 h  EUE=31017.1 MWh  (1.7 s)
└ @ Main D:\MIT Dropbox\Shen Wang\MIT\RA\RA_assessment\RAChronoOps\scripts\21_run_m1c_comparison.jl:198
┌ Info:   running M1b...
└ @ Main D:\MIT Dropbox\Shen Wang\MIT\RA\RA_assessment\RAChronoOps\scripts\21_run_m1c_comparison.jl:207
┌ Info:   M1b: LOLH=83.55 h  EUE=28272.4 MWh  (1.1 s)
└ @ Main D:\MIT Dropbox\Shen Wang\MIT\RA\RA_assessment\RAChronoOps\scripts\21_run_m1c_comparison.jl:213
┌ Info:   running M1c...
└ @ Main D:\MIT Dropbox\Shen Wang\MIT\RA\RA_assessment\RAChronoOps\scripts\21_run_m1c_comparison.jl:222
┌ Info:   M1c: LOLH=5.95 h  EUE=2479.2 MWh  (1.0 s)
└ @ Main D:\MIT Dropbox\Shen Wang\MIT\RA\RA_assessment\RAChronoOps\scripts\21_run_m1c_comparison.jl:228
┌ Info:   running M2_rm1000_b48...
└ @ Main D:\MIT Dropbox\Shen Wang\MIT\RA\RA_assessment\RAChronoOps\scripts\21_run_m1c_comparison.jl:245
┌ Info:   M2:  LOLH=5.75 h  EUE=2479.2 MWh  (10.0 s)
└ @ Main D:\MIT Dropbox\Shen Wang\MIT\RA\RA_assessment\RAChronoOps\scripts\21_run_m1c_comparison.jl:251
┌ Info:   running M3 (RA-3, full-year ED LP)...
└ @ Main D:\MIT Dropbox\Shen Wang\MIT\RA\RA_assessment\RAChronoOps\scripts\21_run_m1c_comparison.jl:261
┌ Info:   M3:  LOLH=5.95 h  EUE=2479.2 MWh  (190.3 s)
└ @ Main D:\MIT Dropbox\Shen Wang\MIT\RA\RA_assessment\RAChronoOps\scripts\21_run_m1c_comparison.jl:269
┌ Info:   Intermediate outputs saved → D:\MIT Dropbox\Shen Wang\MIT\RA\RA_assessment\RAChronoOps\scripts\..\results\m1c_comparison\base-bal15-wind_hvy_n20
└ @ Main D:\MIT Dropbox\Shen Wang\MIT\RA\RA_assessment\RAChronoOps\scripts\21_run_m1c_comparison.jl:278
┌ Info: ── Case: VRE120_bal15 ──────────────────────────────────────────────
└ @ Main D:\MIT Dropbox\Shen Wang\MIT\RA\RA_assessment\RAChronoOps\scripts\21_run_m1c_comparison.jl:184
┌ Info:   running M1...
└ @ Main D:\MIT Dropbox\Shen Wang\MIT\RA\RA_assessment\RAChronoOps\scripts\21_run_m1c_comparison.jl:192
┌ Info:   M1:  LOLH=51.2 h  EUE=14923.6 MWh  (1.4 s)
└ @ Main D:\MIT Dropbox\Shen Wang\MIT\RA\RA_assessment\RAChronoOps\scripts\21_run_m1c_comparison.jl:198
┌ Info:   running M1b...
└ @ Main D:\MIT Dropbox\Shen Wang\MIT\RA\RA_assessment\RAChronoOps\scripts\21_run_m1c_comparison.jl:207
┌ Info:   M1b: LOLH=36.75 h  EUE=11608.5 MWh  (1.2 s)
└ @ Main D:\MIT Dropbox\Shen Wang\MIT\RA\RA_assessment\RAChronoOps\scripts\21_run_m1c_comparison.jl:213
┌ Info:   running M1c...
└ @ Main D:\MIT Dropbox\Shen Wang\MIT\RA\RA_assessment\RAChronoOps\scripts\21_run_m1c_comparison.jl:222
┌ Info:   M1c: LOLH=1.35 h  EUE=360.1 MWh  (1.1 s)
└ @ Main D:\MIT Dropbox\Shen Wang\MIT\RA\RA_assessment\RAChronoOps\scripts\21_run_m1c_comparison.jl:228
┌ Info:   running M2_rm1000_b48...
└ @ Main D:\MIT Dropbox\Shen Wang\MIT\RA\RA_assessment\RAChronoOps\scripts\21_run_m1c_comparison.jl:245
┌ Info:   M2:  LOLH=1.3 h  EUE=360.1 MWh  (8.8 s)
└ @ Main D:\MIT Dropbox\Shen Wang\MIT\RA\RA_assessment\RAChronoOps\scripts\21_run_m1c_comparison.jl:251
┌ Info:   running M3 (RA-3, full-year ED LP)...
└ @ Main D:\MIT Dropbox\Shen Wang\MIT\RA\RA_assessment\RAChronoOps\scripts\21_run_m1c_comparison.jl:261
┌ Info:   M3:  LOLH=1.35 h  EUE=360.1 MWh  (192.2 s)
└ @ Main D:\MIT Dropbox\Shen Wang\MIT\RA\RA_assessment\RAChronoOps\scripts\21_run_m1c_comparison.jl:269
┌ Info:   Intermediate outputs saved → D:\MIT Dropbox\Shen Wang\MIT\RA\RA_assessment\RAChronoOps\scripts\..\results\m1c_comparison\base-bal15-wind_hvy_n20
└ @ Main D:\MIT Dropbox\Shen Wang\MIT\RA\RA_assessment\RAChronoOps\scripts\21_run_m1c_comparison.jl:278
┌ Info: ── Case: VRE120_wind_hvy ──────────────────────────────────────────────
└ @ Main D:\MIT Dropbox\Shen Wang\MIT\RA\RA_assessment\RAChronoOps\scripts\21_run_m1c_comparison.jl:184
┌ Info:   running M1...
└ @ Main D:\MIT Dropbox\Shen Wang\MIT\RA\RA_assessment\RAChronoOps\scripts\21_run_m1c_comparison.jl:192
┌ Info:   M1:  LOLH=52.4 h  EUE=15801.1 MWh  (1.4 s)
└ @ Main D:\MIT Dropbox\Shen Wang\MIT\RA\RA_assessment\RAChronoOps\scripts\21_run_m1c_comparison.jl:198
┌ Info:   running M1b...
└ @ Main D:\MIT Dropbox\Shen Wang\MIT\RA\RA_assessment\RAChronoOps\scripts\21_run_m1c_comparison.jl:207
┌ Info:   M1b: LOLH=25.0 h  EUE=8982.4 MWh  (2.3 s)
└ @ Main D:\MIT Dropbox\Shen Wang\MIT\RA\RA_assessment\RAChronoOps\scripts\21_run_m1c_comparison.jl:213
┌ Info:   running M1c...
└ @ Main D:\MIT Dropbox\Shen Wang\MIT\RA\RA_assessment\RAChronoOps\scripts\21_run_m1c_comparison.jl:222
┌ Info:   M1c: LOLH=2.25 h  EUE=648.2 MWh  (1.3 s)
└ @ Main D:\MIT Dropbox\Shen Wang\MIT\RA\RA_assessment\RAChronoOps\scripts\21_run_m1c_comparison.jl:228
┌ Info:   running M2_rm1000_b48...
└ @ Main D:\MIT Dropbox\Shen Wang\MIT\RA\RA_assessment\RAChronoOps\scripts\21_run_m1c_comparison.jl:245
┌ Info:   M2:  LOLH=1.95 h  EUE=648.2 MWh  (7.5 s)
└ @ Main D:\MIT Dropbox\Shen Wang\MIT\RA\RA_assessment\RAChronoOps\scripts\21_run_m1c_comparison.jl:251
┌ Info:   running M3 (RA-3, full-year ED LP)...
└ @ Main D:\MIT Dropbox\Shen Wang\MIT\RA\RA_assessment\RAChronoOps\scripts\21_run_m1c_comparison.jl:261
┌ Info:   M3:  LOLH=2.25 h  EUE=648.2 MWh  (188.0 s)
└ @ Main D:\MIT Dropbox\Shen Wang\MIT\RA\RA_assessment\RAChronoOps\scripts\21_run_m1c_comparison.jl:269
┌ Info:   Intermediate outputs saved → D:\MIT Dropbox\Shen Wang\MIT\RA\RA_assessment\RAChronoOps\scripts\..\results\m1c_comparison\base-bal15-wind_hvy_n20
└ @ Main D:\MIT Dropbox\Shen Wang\MIT\RA\RA_assessment\RAChronoOps\scripts\21_run_m1c_comparison.jl:278
┌ Info: Total runtime: 616.9 s
└ @ Main D:\MIT Dropbox\Shen Wang\MIT\RA\RA_assessment\RAChronoOps\scripts\21_run_m1c_comparison.jl:282
